001 ----- A NEW WORLD -----
002  ESCAPED FROM LEVEL 20 
003 --- TWIDDLE FINGERS ---
004 --- GIVE ME A DISK! ---
005 ---- TAKE IT EASY! ----
006 ------- EDIFICE -------
007 ------- CLONES! -------
008 --- ANNIHILATION!!! ---
009 --- ROLLING STONES! ---
010 ------ TIME BOMB ------
011 ---- RUN FOR LIFE? ----
012  PROTECT YOUR FRIENDS! 
013 ----- ARCHIPELAGO -----
014 - INVERSE ROUNDABOUT --
015 ------ HORROR!!! ------
016 ------ OVERFLOW! ------
017 ------- FLOAT!! -------
018 ------ CORRIDORS ------
019 ---- THE INTRUDER! ----
020 --- DEFINITELY GONE ---
021 --- JERICHO'S WALLS ---
022 ------ THE HOTEL ------
023 ------ THE SWARM ------
024  240 MOVABLE OBJECTS!! 
025 ------ HYPNOSIS! ------
026 --------- ONE ---------
027 ----- ONCE AROUND -----
028 ----- BABA'S WORK -----
029 --------- TNT ---------
030 ----- NO PROBLEM! -----
031 ---- TIME TO OPEN! ----
032 ---- EASY BUSINESS ----
033 -INSIDE-OUTSIDE-INSIDE-
034 ----- EASY RIDER! -----
035 ----- NO MIRACLE! -----
036 -------- PUSH! --------
037 ---- NEARLY BORING ----
038 ------ BOMBASTIC ------
039 ------- SIMPLE! -------
040 --- MIND THE STONES ---
041 ----- TIME-RUNNER -----
042 --- LITTLE PLEASURE ---
043 --- ANTI-CLOCKWISE! ---
044 ------ TELEPATHY ------
045 ------ EASY WORK ------
046 ---- CHAMBER-MUSIC ----
047 --- LOOKS DIFFICULT ---
048 -- READY-STEADY-GO!! --
049 ---- FALL-FESTIVAL ----
050 ---- DON'T WORRY!! ----
051 ---- STATE OF MIND ----
052 --- DO IT YOURSELF! ---
053 ------- FILL IN -------
054 -- CORNER CONFUSION! --
055 ---- THE ELDRITCH! ----
056 ----- KEEP COOL!! -----
057 --- THOSE WE LIKE!! ---
058 ---- ALL TOGETHER! ----
059 -------- VICE- --------
060 -------- VERSA --------
061 ---- PRE-IGNITION! ----
062 -------- GUMBO --------
063 ---- PHIL'S FIRST! ----
064 ---- THERE YOU GO! ----
065 ----- PATHFINDER! -----
066 ---- ISLAND HOPPER ----
067 ---- GET THEM OUT! ----
068 ----- TOUGH GOING -----
069 ------ HURRY UP! ------
070 - TOUGH BUT POSSIBLE! -
071 ----- HEAD-HUNTER -----
072 --- COMMUNITY WORK! ---
073 ------- ONE WAY -------
074 --- INSPIN-OUTSPIN! ---
075 -------- NICE ---------
076 --- ALL THE FAMILY! ---
077 ---- LITTLE DETAIL ----
078 ---- TRANSPORT IT! ----
079 -- DON'T WASTE THEM! --
080 -CLASSIC ENTERTAINMENT-
081 ------ DIAGONAL! ------
082 ---- TIME IS INFO! ----
083 ----- FUN-TASTIC! -----
084 ---- ALL THAT FUSS ----
085 ---- A PRO'S WORK! ----
086 -------- CRASH --------
087 -- SEE YOU TOMORROW! --
088 ---- FLIP AND FLOP ----
089 ----- TRIPLE FORK -----
090 ----- KNOW THAT ? -----
091 ----- VOYAGER III -----
092 HAM AND CHEESE SANDWICH
093 ------- TIMING! -------
094 -EINSTEIN'S FAVOURITE!-
095 ------ GOOD LUCK ------
096 ------- CRACKER -------
097 ------ GOOD JOB! ------
098 ----- MIXED SALAD -----
099 -- JOYSTICK-HANDLING --
100 --------- IQ! ---------
101 ------- ON-OFF! -------
102 ----- SUB-EFFECTS -----
103 ------ KNOW-HOW! ------
104 -------- CHAOS --------
105 ---- ONE'S MISSING ----
106 ----- WATCH OUT!! -----
107 ---- FIND THE WAY! ----
108 ------- SADISM! -------
109 - UPSTAIRS-DOWNSTAIRS -
110 ---- TROUBLE AHEAD ----
111 ------ BRAINMAN! ------
