# Boulderoid v1.15
author Grant Walker
name BIGBANG
intermission
width 40
height 22
mapstart
WWWWWWWWWWWWWWWWWWWWWWWWWWWWWWWWWWWWWWWW
WPPPPPPPPQQccccccccWWWWWWWWWWWWWWWWWWWWW
WPPPPPPPPQQccccccccWWWWWWWWWWWWWWWWWWWWW
WPPPPPPPPQQccccccccWWWWWWWWWWWWWWWWWWWWW
WPPPPPPPPQQccccccccWW  aaaa  WWWWWWWWWWW
WQQQQQQQQQQQQQQQQQQW aaaaaaa        WWWW
WQQQQQQQQQQQQQQQQQQWW        WWWWWW WWWW
WPPPPPPPPQQccccccccWW        WWWWWW WWWW
WPPPPPPPPQQccccccccWW        WWWWWW WWWW
WPPPPPPPPQQccccccccWW        WWWWWW WWWW
WPPPPPPPPQQccccccccWW        WWWWWW WWWW
WWWWWWWWWWWWWWWWWWXWWmmmmmmmmWWWWWW WWWW
WWWWWWWW WWWWWWWWWWWWWWWWWWWWWWWWWW WWWW
WWWWWWWWaWWWWWWWWWWWWc              WWWW
WWWWWWWWaWWWWWWWWWWWWcWWWWWWWWWWWWWWWWWW
WWWWWWWWaWWWWWWWWWWWWcWWWWWWWWWWWWWWWWWW
WWWWWWWWaWWWWWWWWWWWWccccccccccWWWWWWWWW
WWWWWWWWaWWWWWWWWWWWWWWWWWWWWWcWWWWWWWWW
WWWWWWWW WWWWWWWWWWWWWWWWWWWWWcWWWWWWWWW
WWWWWWWW                       WWWWWWWWW
WWWWWWWWmWWWWWWWWWWWWWWWWWWWWWWWWWWWWWWW
WWWWWWWWWWWWWWWWWWWWWWWWWWWWWWWWWWWWWWWW
mapend
noscroll
delay 0
time 50
require 99
dpoints 1
dextra 5
permeable 9
amrate1 1
amoeba 23
milltime 1
colour1 2
colour2 2
colour3 0
colour4 0
colour5 7
timepercent 100
teleport 1234567890,YYYYYYYYYY,NNNNNNNNNN