# Boulderoid v1.15
author Grant Walker
name EXTENDER
intermission
width 40
height 22
mapstart
wwwwwwwwwwwwwwwwwwwwWWWWWWWWWWWWWWWWWWWW
XP.................wW a  WWWWWWWWWWWWWWW
w..................wWaWWaWWWWrWWWWWWWWWW
w..................wW WW WWWW WWWWWWWWWW
w..................wW.xW WWWWmWWWWWWWWWW
w..................r  WW WWWWWWWWWWWWWWW
w..................wWaWWaWWWWWWWWWWWWWWW
w .r               wW WW WWWWWWWWWWWWWWW
w .wwwwwwwwwwwwwxr wW WW WWWWWWWWWWWWWWW
w .wwwwwwwwwwwwwx. wW WW WWWWWWWWWWWWWWW
wFrQQ              wWaWWaWWWWWWWWWWWWWWW
wwswwwwwwwwwwwwwwwwwW  a WWWWWWWWWWWWWWW
WW WWWWWWWWWWWWWWWWWWWWWWWWWWWWWWWWWWWWW
WWWWWWWWWWWWWWWWWWWWWWWWWWWWWWWWWWWWWWWW
WWWWWWWWWWWWWWWWWWWWWWWWWWWWWWWWWWWWWWWW
WWWWWWWWWWWWWWWWWWWWWWWWWWWWWWWWWWWWWWWW
WWWWWWWWWWWWWWWWWWWWWWWWWWWWWWWWWWWWWWWW
WWWWWWWWWWWWWWWWWWWWWWWWWWWWWWWWWWWWWWWW
WWWWWWWWWWWWWWWWWWWWWWWWWWWWWWWWWWWWWWWW
WWWWWWWWWWWWWWWWWWWWWWWWWWWWWWWWWWWWWWWW
WWWWWWWWWWWWWWWWWWWWWWWWWWWWWWWWWWWWWWWW
WWWWWWWWWWWWWWWWWWWWWWWWWWWWWWWWWWWWWWWW
mapend
noscroll
delay 25
time 16
require 27
dpoints 10
dextra 50
permeable 1
amrate1 99
amoeba 23
milltime 999
colour1 0
colour2 0
colour3 8
colour4 9
colour5 3
timepercent 100
teleport 1234567890,YYYYYYYYYY,NNNNNNNNNN