001 --- PIERWSZE KROKI ----
002 -- PO KRUCHYM LODZIE --
003 ----- PROBLEMY ? ------
004 ---- FASCYNACJA 1 -----
005 - MIESZANKA WEDLOWSKA -
006 ---- NIE 6,LECZ 7 -----
007 ----- BOMBONIERKA -----
008 ----- GRA W KULKI -----
009 ------- SAPERKA -------
010 ------- SEKATOR -------
011 --- UDANA DETONACJA ---
012 ----- AKCELERATOR -----
013 ---- O KROK W TYLE ----
014 --- NIE DEPTAJ MIN ----
015 ----- NIE CZEKAJ ------
016 -- PAPRYKA W KANAPCE --
017 ---- PRZEPYCHANKA -----
018 !!!! MAJOWA BURZA !!!!!
019 ------ BLONDYNKA ------
020 ---- BEZ ZACHWYTU -----
021 ------ TO I OWO -------
022 ----- PRZEWODNIK ------
023 ---- SZYBKI START -----
024 --- ZAMUROWANY EXIT ---
025 -- KOCHANEJ MARTYNCE --
026 --- KOCHANEMU KUBIE ---
027 --- CHWILA RELAKSU ----
028 ---- TRZYMAJ PION -----
029 ------ TYLKO DWA ------
030 ------- ALERGIA -------
031 -------- X - X --------
032 -- NIE TAKIE PROSTE ---
033 - SZANUJ PRZECIWNIKA !-
034 ------ KLEPSYDRA ------
035 ------- SPADAMY -------
036 ------- FOLKLOR -------
037 ----- PRACOHOLIK ------
038 ------ GALARETKA ------
039 ---- FASCYNACJA 2 -----
040 ----- GRAMY DALEJ -----
041 - I PONOWNIE PROBLEM --
042 -- BOMBA DO KWADRATU --
043 ------ MALUTKA 1 ------
044 ------ MALUTKA 2 ------
045 ------ MALUTKA 3 ------
046 ------ MALUTKA 4 ------
047 ------ MALUTKA 5 ------
048 ------ MALUTKA 6 ------
049 ------ MALUTKA 7 ------
050 =======================
051 =======================
052 =======================
053 =======================
054 =======================
055 =======================
056 =======================
057 =======================
058 =======================
059 =======================
060 =======================
061 =======================
062 =======================
063 =======================
064 =======================
065 =======================
066 =======================
067 =======================
068 =======================
069 =======================
070 =======================
071 =======================
072 =======================
073 =======================
074 =======================
075 =======================
076 =======================
077 =======================
078 =======================
079 =======================
080 =======================
081 =======================
082 =======================
083 =======================
084 =======================
085 =======================
086 =======================
087 =======================
088 =======================
089 =======================
090 =======================
091 =======================
092 =======================
093 =======================
094 =======================
095 =======================
096 =======================
097 =======================
098 =======================
099 =======================
100 =======================
101 =======================
102 =======================
103 =======================
104 =======================
105 =======================
106 =======================
107 =======================
108 =======================
109 =======================
110 =======================
111 =======================
