001 EVRYTHNG U KNOW IS WRNG
002 --- VOLATILE MEMORY ---
003 LEGACY SOFTWARE -------
004 OVERPROBLEMATIC -------
005 CITAMELBORPREVO -------
006 KINESTHESIA -----------
007   ABORT, RETRY, FAIL? -
008 THIS IS MADNESS! ------
009 HIDDEN SECRETS --------
010 ETCHOGON-S ------------
011   MITIGATION PROTOCOLS 
012 SNAKE CHARMER ---------
013 YEESLAND --------------
014 SNAKE EATER? ----------
015 TERMINAL FATALITY -----
016 EMPTY RESPONSE --------
017 MODUS OPERANDI? -------
018 ! VERIFY INPUT CODE 17 
019 ----- ICE BREAKER -----
020 - DIMENSIONAL ANOMALY -
021 ----- LOCKBREAKER -----
022 ----- SYSTEM HANG -----
023 ------- RECURY --------
024 ------ BLACK ICE ------
025 ACCESS DATA -----------
026 CODE BLACK ------------
027 FOR GREAT EFFECT ------
028 THE FIREWALL ----------
029 NEXT LEVEL LESSON 3 ---
030 CHECK ON ROCKFORD? ----
031 POINT THE GUN AT YOU! -
032 IS THE LOCK SECURE? ---
033 IN THE FINAL BREATHS...
034 LEVEL THE PLAYFIELD ---
035 FIVE ------------------
036 --- SECURITY CHECK. ---
037 - SOKOBANIC NIGHTMARE -
038 ---- HEART BREAKER ----
039 ----- PART MAKER ------
040  INSTABILITY DETECTED. 
041 --- REBOOT REQUIRED ---
042 ----- F.U.B.A.R. ------
043 ---- SAFE CRACKER? ----
044 --- BOULDERDASH VI ----
045 LETS NOT BYTE THE DUST?
046 LETS NOT DUST THE BYTE?
047 - PUBLIC ANNOUNCEMENT -
048 ----- BROKEN FEED -----
049 --- MALWARE EFFECTS ---
050 -- STACK CORRUPTION ---
051 -- MIGHT SEEM HANDY! --
052 -- BAD CONFIGURATION --
053 ------- CRAPAGE -------
054 -- UNADULTERED CHAOS --
055 ------ SPATIAL K ------
056 COULD THIS BE ---------
057 HOW IT ENDS, ----------
058 AND WE WILL -----------
059 NEVER COME TO ---------
060 NOTICE THE ------------
061 EXACT REASONS WE ARE --
062 LEFT WITH THIS MESS? --
063 FOR WHAT IT IS,--------
064 OUR MINDS ARE ---------
065 UNDER NO CIRCUMSTANCES 
066 READILY FOOLED. -------
067 --- STRANGE SCIENCE ---
068 - NEON TIP DEMO TRICK -
069  RITE OF PASSAGE, ZWEI 
070  LAYING OF HANDS, DREI 
071 ------ GRID WORK ------
072 ----- S.N.A.F.U. ------
073 -- BLUTGARTENARBEIT ---
074 --- BACKDOOR ACCESS ---
075 ----- BRUTE FORCE -----
076 ------ ANTIVIRUS ------
077 HOPE YOU HAVE THE CODES
078  MAY NEED TO BACKTRACK 
079 PREPARE TO ENTER CODES.
080 CHANNEL ONE: PAGE 50 --
081 CHANNEL TWO: INF  52&53
082 CHANNEL THREE: [DENIED]
083 CHANNEL FOUR: PAGE 67 -
084  ADMIN ACCESS GRANTED? 
085 -- IS IT COMPULSION? --
086 -- IS IT OBSESSION? ---
087  PUDEWERCSI'S DILEMMA -
088 - PUDEWERCSI'S FOLLY --
089 DIE FANTASTISCHEN VIER 
090 - THE CRUEL MISTRESS --
091 -- HE OVERCLOCKED IT --
092 ----- NO SHUFFLE ------
093 ----- DON'T CRASH -----
094 ------ JUNKDROME ------
095 -- DUMPING THE STACK --
096 - SEGMENTATION FAULT? -
097 -- HASTE MAKES WASTE --
098 ---- BOOT SEQUENCE ----
099 -- WE BROKE THE LOOP --
100 -- A SIGH OF RELIEF? --
101  ACCESSING IDLE MYTHS? 
102  HINGE CAM DISC STYLES 
103 - MAKE THE CONNECTION -
104 -- SHAPE THE RANDOM ---
105 ------ ZIP BOMB! ------
106 ----- ANGSTFABRIK -----
107 - GOTTERDAMMERUNG, II -
108  ADMINISTRATOR CONTROL 
109 ----- DAISY CHAIN -----
110 -- CRASH THE SYSTEM! --
111 --- AUS DEM RAUM... ---
